GraphQLSampleTest.testGraphQLGetRequestWithValidDetails=[
  {
    "data": {
      "allPersons": [
        {
          "name": "Johnny",
          "age": 23,
          "posts": [
            {
              "title": "GraphQL is awesome"
            },
            {
              "title": "Relay is a powerful GraphQL Client"
            },
            {
              "title": "test post"
            }
          ]
        },
        {
          "name": "Sarah",
          "age": 20,
          "posts": [
            {
              "title": "How to get started with React & GraphQL"
            }
          ]
        },
        {
          "name": "Alice",
          "age": 20,
          "posts": [ ]
        },
        {
          "name": "Bob",
          "age": 36,
          "posts": [ ]
        },
        {
          "name": "Bob",
          "age": 36,
          "posts": [ ]
        },
        {
          "name": "Alice",
          "age": 36,
          "posts": [ ]
        },
        {
          "name": "Alice",
          "age": 36,
          "posts": [ ]
        },
        {
          "name": "Bob",
          "age": 36,
          "posts": [ ]
        },
        {
          "name": "Bob",
          "age": 36,
          "posts": [ ]
        },
        {
          "name": "Bob",
          "age": 36,
          "posts": [ ]
        },
        {
          "name": "Alice",
          "age": 36,
          "posts": [ ]
        },
        {
          "name": "Bob",
          "age": 36,
          "posts": [ ]
        },
        {
          "name": "Bob",
          "age": 36,
          "posts": [ ]
        },
        {
          "name": "Alice",
          "age": 36,
          "posts": [ ]
        },
        {
          "name": "Bob",
          "age": 36,
          "posts": [ ]
        },
        {
          "name": "Alice",
          "age": 36,
          "posts": [ ]
        },
        {
          "name": "Bob",
          "age": 37,
          "posts": [ ]
        },
        {
          "name": "Bob",
          "age": 36,
          "posts": [ ]
        },
        {
          "name": "Alice",
          "age": 36,
          "posts": [ ]
        },
        {
          "name": "Alice",
          "age": 36,
          "posts": [ ]
        },
        {
          "name": "Bob",
          "age": 36,
          "posts": [ ]
        },
        {
          "name": "Bob",
          "age": 36,
          "posts": [ ]
        },
        {
          "name": "Bob",
          "age": 36,
          "posts": [ ]
        },
        {
          "name": "Bob",
          "age": 36,
          "posts": [ ]
        },
        {
          "name": "Alice",
          "age": 36,
          "posts": [ ]
        },
        {
          "name": "Alice",
          "age": 36,
          "posts": [ ]
        },
        {
          "name": "Bob",
          "age": 36,
          "posts": [ ]
        },
        {
          "name": "Alice",
          "age": 36,
          "posts": [ ]
        },
        {
          "name": "Bonb",
          "age": 36,
          "posts": [ ]
        },
        {
          "name": "Alice",
          "age": 36,
          "posts": [ ]
        },
        {
          "name": "Bob",
          "age": 36,
          "posts": [ ]
        },
        {
          "name": "Alice",
          "age": 36,
          "posts": [ ]
        },
        {
          "name": "Bob",
          "age": 36,
          "posts": [ ]
        },
        {
          "name": "Alice",
          "age": 36,
          "posts": [ ]
        },
        {
          "name": "Bob",
          "age": 36,
          "posts": [ ]
        },
        {
          "name": "Bob",
          "age": 36,
          "posts": [ ]
        },
        {
          "name": "Alice",
          "age": 36,
          "posts": [ ]
        },
        {
          "name": "Bob",
          "age": 36,
          "posts": [ ]
        },
        {
          "name": "Alice",
          "age": 36,
          "posts": [ ]
        },
        {
          "name": "Bob",
          "age": 36,
          "posts": [ ]
        },
        {
          "name": "Bob",
          "age": 36,
          "posts": [ ]
        },
        {
          "name": "Bob",
          "age": 36,
          "posts": [ ]
        },
        {
          "name": "Alice",
          "age": 36,
          "posts": [ ]
        },
        {
          "name": "Bob",
          "age": 36,
          "posts": [ ]
        },
        {
          "name": "Alice",
          "age": 36,
          "posts": [ ]
        },
        {
          "name": "Bob",
          "age": 36,
          "posts": [ ]
        },
        {
          "name": "Rob",
          "age": 59,
          "posts": [ ]
        },
        {
          "name": "Joe  ",
          "age": 10,
          "posts": [ ]
        },
        {
          "name": "Alice",
          "age": 36,
          "posts": [ ]
        },
        {
          "name": "Alice",
          "age": 36,
          "posts": [ ]
        },
        {
          "name": "Alice",
          "age": 36,
          "posts": [ ]
        },
        {
          "name": "Bob",
          "age": 36,
          "posts": [ ]
        },
        {
          "name": "Bob",
          "age": 36,
          "posts": [ ]
        },
        {
          "name": "Bob",
          "age": 36,
          "posts": [ ]
        },
        {
          "name": "Bob",
          "age": 36,
          "posts": [ ]
        },
        {
          "name": "Bob",
          "age": 36,
          "posts": [ ]
        },
        {
          "name": "Alice",
          "age": 26,
          "posts": [ ]
        },
        {
          "name": "Alice",
          "age": 26,
          "posts": [ ]
        },
        {
          "name": "Alice",
          "age": 26,
          "posts": [ ]
        },
        {
          "name": "Alice",
          "age": 36,
          "posts": [ ]
        },
        {
          "name": "Jojo",
          "age": 19,
          "posts": [ ]
        },
        {
          "name": "Michel",
          "age": 59,
          "posts": [ ]
        },
        {
          "name": "Bob",
          "age": 36,
          "posts": [ ]
        },
        {
          "name": "Alice",
          "age": 36,
          "posts": [ ]
        },
        {
          "name": "Bob",
          "age": 36,
          "posts": [ ]
        },
        {
          "name": "Alice",
          "age": 36,
          "posts": [ ]
        },
        {
          "name": "Bob",
          "age": 36,
          "posts": [ ]
        },
        {
          "name": "Bob",
          "age": 36,
          "posts": [ ]
        },
        {
          "name": "Bob",
          "age": 36,
          "posts": [ ]
        },
        {
          "name": "Bob",
          "age": 36,
          "posts": [ ]
        },
        {
          "name": "Bob",
          "age": 36,
          "posts": [ ]
        },
        {
          "name": "Bob",
          "age": 36,
          "posts": [ ]
        },
        {
          "name": "Bob",
          "age": 36,
          "posts": [ ]
        },
        {
          "name": "Bob",
          "age": 36,
          "posts": [ ]
        },
        {
          "name": "Bob",
          "age": 36,
          "posts": [ ]
        },
        {
          "name": "Alice",
          "age": 36,
          "posts": [ ]
        },
        {
          "name": "Alice",
          "age": 36,
          "posts": [ ]
        },
        {
          "name": "Alice",
          "age": 36,
          "posts": [ ]
        },
        {
          "name": "Alice",
          "age": 36,
          "posts": [ ]
        },
        {
          "name": "Alice",
          "age": 36,
          "posts": [ ]
        },
        {
          "name": "Alice",
          "age": 36,
          "posts": [ ]
        },
        {
          "name": "Alice",
          "age": 36,
          "posts": [ ]
        },
        {
          "name": "Alice",
          "age": 36,
          "posts": [ ]
        },
        {
          "name": "Alice",
          "age": 36,
          "posts": [ ]
        },
        {
          "name": "Alice",
          "age": 36,
          "posts": [ ]
        },
        {
          "name": "Alice",
          "age": 36,
          "posts": [ ]
        },
        {
          "name": "Alice",
          "age": 36,
          "posts": [ ]
        },
        {
          "name": "Alice",
          "age": 36,
          "posts": [ ]
        },
        {
          "name": "Alice",
          "age": 36,
          "posts": [ ]
        },
        {
          "name": "Alice",
          "age": 36,
          "posts": [ ]
        },
        {
          "name": "Alice",
          "age": 36,
          "posts": [ ]
        },
        {
          "name": "Alice",
          "age": 36,
          "posts": [ ]
        },
        {
          "name": "Alice",
          "age": 36,
          "posts": [ ]
        },
        {
          "name": "Alice",
          "age": 36,
          "posts": [ ]
        },
        {
          "name": "Alice",
          "age": 36,
          "posts": [ ]
        },
        {
          "name": "Alice",
          "age": 36,
          "posts": [ ]
        },
        {
          "name": "Alice",
          "age": 36,
          "posts": [ ]
        },
        {
          "name": "Alice",
          "age": 36,
          "posts": [ ]
        },
        {
          "name": "Alice",
          "age": 36,
          "posts": [ ]
        },
        {
          "name": "Alice",
          "age": 36,
          "posts": [ ]
        },
        {
          "name": "Alice",
          "age": 36,
          "posts": [ ]
        },
        {
          "name": "Alice",
          "age": 36,
          "posts": [ ]
        },
        {
          "name": "Alice",
          "age": 36,
          "posts": [ ]
        },
        {
          "name": "Alice",
          "age": 36,
          "posts": [ ]
        },
        {
          "name": "Bob",
          "age": 36,
          "posts": [ ]
        },
        {
          "name": "Alice",
          "age": 36,
          "posts": [ ]
        },
        {
          "name": "Alice",
          "age": 36,
          "posts": [ ]
        },
        {
          "name": "Alice",
          "age": 36,
          "posts": [ ]
        },
        {
          "name": "Alice",
          "age": 36,
          "posts": [ ]
        },
        {
          "name": "Bob",
          "age": 36,
          "posts": [ ]
        },
        {
          "name": "Alice",
          "age": 36,
          "posts": [ ]
        },
        {
          "name": "Bob",
          "age": 36,
          "posts": [ ]
        },
        {
          "name": "Alice",
          "age": 36,
          "posts": [ ]
        },
        {
          "name": "Billiam",
          "age": 30,
          "posts": [ ]
        },
        {
          "name": "Bobay",
          "age": 36,
          "posts": [ ]
        },
        {
          "name": "Alice",
          "age": 36,
          "posts": [ ]
        },
        {
          "name": "Bob",
          "age": 36,
          "posts": [ ]
        },
        {
          "name": "Alice",
          "age": 36,
          "posts": [ ]
        },
        {
          "name": "Alice",
          "age": 36,
          "posts": [ ]
        },
        {
          "name": "Bob",
          "age": 36,
          "posts": [ ]
        },
        {
          "name": "Bob",
          "age": 40,
          "posts": [ ]
        },
        {
          "name": "Bob",
          "age": 40,
          "posts": [ ]
        },
        {
          "name": "Alice",
          "age": 36,
          "posts": [ ]
        },
        {
          "name": "Bob",
          "age": 36,
          "posts": [ ]
        },
        {
          "name": "Bob",
          "age": 36,
          "posts": [ ]
        },
        {
          "name": "Alice",
          "age": 36,
          "posts": [ ]
        },
        {
          "name": "Bob",
          "age": 36,
          "posts": [ ]
        },
        {
          "name": "Bob",
          "age": 36,
          "posts": [ ]
        },
        {
          "name": "Bob",
          "age": 36,
          "posts": [ ]
        },
        {
          "name": "Alice",
          "age": 36,
          "posts": [ ]
        },
        {
          "name": "Alice",
          "age": 36,
          "posts": [ ]
        },
        {
          "name": "Alice",
          "age": 36,
          "posts": [ ]
        },
        {
          "name": "Suryya",
          "age": 32,
          "posts": [ ]
        },
        {
          "name": "Suryya Ghosh",
          "age": 33,
          "posts": [ ]
        },
        {
          "name": "Suryya Kanti",
          "age": 233,
          "posts": [ ]
        },
        {
          "name": "Bob",
          "age": 36,
          "posts": [ ]
        },
        {
          "name": "Alice",
          "age": 36,
          "posts": [ ]
        },
        {
          "name": "Bob",
          "age": 36,
          "posts": [ ]
        },
        {
          "name": "Brian",
          "age": 25,
          "posts": [ ]
        },
        {
          "name": "Alice",
          "age": 36,
          "posts": [ ]
        },
        {
          "name": "Bob",
          "age": 36,
          "posts": [ ]
        },
        {
          "name": "Bob",
          "age": 36,
          "posts": [ ]
        },
        {
          "name": "Alice",
          "age": 36,
          "posts": [ ]
        },
        {
          "name": "Bob",
          "age": 36,
          "posts": [ ]
        },
        {
          "name": "Alice",
          "age": 36,
          "posts": [ ]
        },
        {
          "name": "Alice",
          "age": 36,
          "posts": [ ]
        },
        {
          "name": "Bob",
          "age": 36,
          "posts": [ ]
        },
        {
          "name": "Alice",
          "age": 36,
          "posts": [ ]
        },
        {
          "name": "Fernanda",
          "age": 3,
          "posts": [ ]
        },
        {
          "name": "Henrique",
          "age": 32,
          "posts": [ ]
        },
        {
          "name": "Bob",
          "age": 36,
          "posts": [ ]
        },
        {
          "name": "Bob",
          "age": 36,
          "posts": [ ]
        },
        {
          "name": "Bob",
          "age": 36,
          "posts": [ ]
        },
        {
          "name": "Bob",
          "age": 36,
          "posts": [ ]
        },
        {
          "name": "Bob",
          "age": 36,
          "posts": [ ]
        },
        {
          "name": "Bob",
          "age": 36,
          "posts": [ ]
        },
        {
          "name": "Bob",
          "age": 35,
          "posts": [ ]
        },
        {
          "name": "Bob",
          "age": 35,
          "posts": [ ]
        },
        {
          "name": "Bob",
          "age": 35,
          "posts": [ ]
        },
        {
          "name": "Bob",
          "age": 35,
          "posts": [ ]
        },
        {
          "name": "Bob",
          "age": 36,
          "posts": [ ]
        },
        {
          "name": "Alice",
          "age": 36,
          "posts": [ ]
        },
        {
          "name": "Alice",
          "age": 36,
          "posts": [ ]
        },
        {
          "name": "Bob",
          "age": 36,
          "posts": [ ]
        },
        {
          "name": "Bob",
          "age": 36,
          "posts": [ ]
        },
        {
          "name": "Bob",
          "age": 36,
          "posts": [ ]
        },
        {
          "name": "Alice",
          "age": 36,
          "posts": [ ]
        },
        {
          "name": "Bob",
          "age": 36,
          "posts": [ ]
        },
        {
          "name": "Bob",
          "age": 36,
          "posts": [ ]
        },
        {
          "name": "Alice",
          "age": 36,
          "posts": [ ]
        },
        {
          "name": "Bob",
          "age": 36,
          "posts": [ ]
        },
        {
          "name": "Alice",
          "age": 36,
          "posts": [ ]
        },
        {
          "name": "Bob",
          "age": 36,
          "posts": [ ]
        },
        {
          "name": "Bob",
          "age": 36,
          "posts": [ ]
        },
        {
          "name": "Bob",
          "age": 36,
          "posts": [ ]
        },
        {
          "name": "Alice",
          "age": 36,
          "posts": [ ]
        },
        {
          "name": "Alice",
          "age": 36,
          "posts": [ ]
        },
        {
          "name": "Bob",
          "age": 36,
          "posts": [ ]
        },
        {
          "name": "Alice",
          "age": 36,
          "posts": [ ]
        },
        {
          "name": "Bob",
          "age": 36,
          "posts": [ ]
        },
        {
          "name": "Alice",
          "age": 36,
          "posts": [ ]
        },
        {
          "name": "Alice",
          "age": 36,
          "posts": [ ]
        },
        {
          "name": "Alice",
          "age": 36,
          "posts": [ ]
        },
        {
          "name": "Alice",
          "age": 36,
          "posts": [ ]
        },
        {
          "name": "Alice",
          "age": 36,
          "posts": [ ]
        },
        {
          "name": "Alice",
          "age": 36,
          "posts": [ ]
        },
        {
          "name": "Bob",
          "age": 36,
          "posts": [ ]
        },
        {
          "name": "Bob",
          "age": 36,
          "posts": [ ]
        },
        {
          "name": "Bob",
          "age": 36,
          "posts": [ ]
        },
        {
          "name": "Alice",
          "age": 36,
          "posts": [ ]
        },
        {
          "name": "Bob",
          "age": 36,
          "posts": [ ]
        },
        {
          "name": "Bob",
          "age": 36,
          "posts": [ ]
        },
        {
          "name": "Alice",
          "age": 36,
          "posts": [ ]
        },
        {
          "name": "Alice",
          "age": 36,
          "posts": [ ]
        },
        {
          "name": "Bob",
          "age": 36,
          "posts": [ ]
        },
        {
          "name": "Bob",
          "age": 36,
          "posts": [ ]
        },
        {
          "name": "Bob",
          "age": 36,
          "posts": [ ]
        },
        {
          "name": "Bob",
          "age": 36,
          "posts": [ ]
        },
        {
          "name": "Bob",
          "age": 36,
          "posts": [ ]
        },
        {
          "name": "Bob",
          "age": 36,
          "posts": [ ]
        },
        {
          "name": "Alice",
          "age": 36,
          "posts": [ ]
        },
        {
          "name": "Alifce",
          "age": 36,
          "posts": [ ]
        },
        {
          "name": "Alifce",
          "age": 36,
          "posts": [ ]
        },
        {
          "name": "Alisfce",
          "age": 36,
          "posts": [ ]
        },
        {
          "name": "Bob",
          "age": 36,
          "posts": [ ]
        },
        {
          "name": "Alice",
          "age": 36,
          "posts": [ ]
        },
        {
          "name": "Bob",
          "age": 36,
          "posts": [ ]
        },
        {
          "name": "Alice",
          "age": 36,
          "posts": [ ]
        },
        {
          "name": "Bob",
          "age": 36,
          "posts": [ ]
        },
        {
          "name": "Alice",
          "age": 36,
          "posts": [ ]
        },
        {
          "name": "Bob",
          "age": 36,
          "posts": [ ]
        },
        {
          "name": "Alice",
          "age": 36,
          "posts": [ ]
        },
        {
          "name": "Bob",
          "age": 36,
          "posts": [ ]
        },
        {
          "name": "Bob",
          "age": 36,
          "posts": [ ]
        },
        {
          "name": "Sergio",
          "age": 36,
          "posts": [ ]
        },
        {
          "name": "Alice",
          "age": 36,
          "posts": [ ]
        },
        {
          "name": "Bob",
          "age": 36,
          "posts": [ ]
        },
        {
          "name": "Bob",
          "age": 36,
          "posts": [ ]
        },
        {
          "name": "Bob",
          "age": 36,
          "posts": [ ]
        },
        {
          "name": "Bob",
          "age": 36,
          "posts": [ ]
        },
        {
          "name": "Alice",
          "age": 36,
          "posts": [ ]
        },
        {
          "name": "Bob",
          "age": 36,
          "posts": [ ]
        },
        {
          "name": "Bob",
          "age": 36,
          "posts": [ ]
        },
        {
          "name": "Bob",
          "age": 36,
          "posts": [ ]
        },
        {
          "name": "Alice",
          "age": 36,
          "posts": [ ]
        },
        {
          "name": "Bob",
          "age": 36,
          "posts": [ ]
        },
        {
          "name": "Bob",
          "age": 36,
          "posts": [ ]
        },
        {
          "name": "Alice",
          "age": 36,
          "posts": [ ]
        },
        {
          "name": "Bob",
          "age": 36,
          "posts": [ ]
        },
        {
          "name": "Alice",
          "age": 36,
          "posts": [ ]
        },
        {
          "name": "Umair",
          "age": 26,
          "posts": [ ]
        },
        {
          "name": "Alice",
          "age": 36,
          "posts": [ ]
        },
        {
          "name": "kees",
          "age": 36,
          "posts": [ ]
        },
        {
          "name": "Alice",
          "age": 36,
          "posts": [ ]
        },
        {
          "name": "Bob",
          "age": 36,
          "posts": [ ]
        },
        {
          "name": "Bob",
          "age": 36,
          "posts": [ ]
        },
        {
          "name": "Bob",
          "age": 36,
          "posts": [ ]
        },
        {
          "name": "Bob",
          "age": 36,
          "posts": [ ]
        },
        {
          "name": "Bob",
          "age": 36,
          "posts": [ ]
        },
        {
          "name": "Bob",
          "age": 36,
          "posts": [ ]
        },
        {
          "name": "Bob",
          "age": 36,
          "posts": [ ]
        },
        {
          "name": "Bob",
          "age": 36,
          "posts": [ ]
        },
        {
          "name": "Bob",
          "age": 36,
          "posts": [ ]
        },
        {
          "name": "Alice",
          "age": 36,
          "posts": [ ]
        },
        {
          "name": "Alice",
          "age": 36,
          "posts": [ ]
        },
        {
          "name": "Alice",
          "age": 36,
          "posts": [ ]
        },
        {
          "name": "Alice",
          "age": 36,
          "posts": [ ]
        },
        {
          "name": "Alice",
          "age": 36,
          "posts": [ ]
        },
        {
          "name": "Bob",
          "age": 36,
          "posts": [ ]
        },
        {
          "name": "Alice",
          "age": 36,
          "posts": [ ]
        },
        {
          "name": "Bob",
          "age": 36,
          "posts": [ ]
        },
        {
          "name": "Alice",
          "age": 36,
          "posts": [ ]
        },
        {
          "name": "Alice",
          "age": 36,
          "posts": [ ]
        },
        {
          "name": "Bob",
          "age": 36,
          "posts": [ ]
        },
        {
          "name": "Bob",
          "age": 36,
          "posts": [ ]
        },
        {
          "name": "Bob",
          "age": 36,
          "posts": [ ]
        },
        {
          "name": "Alice",
          "age": 36,
          "posts": [ ]
        },
        {
          "name": "Bob",
          "age": 36,
          "posts": [ ]
        },
        {
          "name": "Alice",
          "age": 36,
          "posts": [ ]
        },
        {
          "name": "Alice",
          "age": 36,
          "posts": [ ]
        },
        {
          "name": "Alice",
          "age": 36,
          "posts": [ ]
        },
        {
          "name": "Alice",
          "age": 36,
          "posts": [ ]
        },
        {
          "name": "Alice",
          "age": 36,
          "posts": [ ]
        },
        {
          "name": "Alice",
          "age": 36,
          "posts": [ ]
        },
        {
          "name": "Alice",
          "age": 36,
          "posts": [ ]
        },
        {
          "name": "Alice",
          "age": 36,
          "posts": [ ]
        },
        {
          "name": "Bob",
          "age": 36,
          "posts": [ ]
        },
        {
          "name": "Bob",
          "age": 36,
          "posts": [ ]
        },
        {
          "name": "Alice",
          "age": 36,
          "posts": [ ]
        },
        {
          "name": "Bob",
          "age": 36,
          "posts": [ ]
        },
        {
          "name": "Bob",
          "age": 36,
          "posts": [ ]
        },
        {
          "name": "Bob",
          "age": 36,
          "posts": [ ]
        },
        {
          "name": "Bob",
          "age": 36,
          "posts": [ ]
        },
        {
          "name": "Bob",
          "age": 36,
          "posts": [ ]
        },
        {
          "name": "Alice",
          "age": 36,
          "posts": [ ]
        },
        {
          "name": "Bob",
          "age": 36,
          "posts": [ ]
        },
        {
          "name": "Alice",
          "age": 36,
          "posts": [ ]
        },
        {
          "name": "Bob",
          "age": 36,
          "posts": [ ]
        },
        {
          "name": "Alice",
          "age": 36,
          "posts": [ ]
        },
        {
          "name": "Bob",
          "age": 36,
          "posts": [ ]
        },
        {
          "name": "Alice",
          "age": 36,
          "posts": [ ]
        },
        {
          "name": "Bob",
          "age": 36,
          "posts": [ ]
        },
        {
          "name": "Bob",
          "age": 36,
          "posts": [ ]
        },
        {
          "name": "Alice",
          "age": 36,
          "posts": [ ]
        },
        {
          "name": "Bob",
          "age": 36,
          "posts": [ ]
        },
        {
          "name": "Alice",
          "age": 36,
          "posts": [ ]
        },
        {
          "name": "adasd",
          "age": 36,
          "posts": [ ]
        },
        {
          "name": "Alice",
          "age": 36,
          "posts": [ ]
        },
        {
          "name": "Bob",
          "age": 36,
          "posts": [ ]
        },
        {
          "name": "Bob",
          "age": 36,
          "posts": [ ]
        },
        {
          "name": "Bob",
          "age": 36,
          "posts": [ ]
        },
        {
          "name": "Bob",
          "age": 36,
          "posts": [ ]
        },
        {
          "name": "Bob",
          "age": 36,
          "posts": [ ]
        },
        {
          "name": "Bob",
          "age": 36,
          "posts": [ ]
        },
        {
          "name": "Alice",
          "age": 36,
          "posts": [ ]
        },
        {
          "name": "Bob",
          "age": 36,
          "posts": [ ]
        },
        {
          "name": "Bob",
          "age": 36,
          "posts": [ ]
        },
        {
          "name": "Bob",
          "age": 36,
          "posts": [ ]
        },
        {
          "name": "Danny",
          "age": 34,
          "posts": [ ]
        },
        {
          "name": "Danny",
          "age": 34,
          "posts": [ ]
        },
        {
          "name": "Danny",
          "age": 34,
          "posts": [ ]
        },
        {
          "name": "Danny",
          "age": 34,
          "posts": [ ]
        },
        {
          "name": "Danny",
          "age": 34,
          "posts": [ ]
        },
        {
          "name": "Danny",
          "age": 34,
          "posts": [ ]
        },
        {
          "name": "Alice",
          "age": 36,
          "posts": [ ]
        },
        {
          "name": "Alice",
          "age": 36,
          "posts": [ ]
        },
        {
          "name": "Alice",
          "age": 36,
          "posts": [ ]
        },
        {
          "name": "Bob",
          "age": 362,
          "posts": [ ]
        },
        {
          "name": "Bob",
          "age": 362,
          "posts": [ ]
        },
        {
          "name": "Bob",
          "age": 362,
          "posts": [ ]
        },
        {
          "name": "Bob",
          "age": 362,
          "posts": [ ]
        },
        {
          "name": "Alice",
          "age": 36,
          "posts": [ ]
        },
        {
          "name": "Alice",
          "age": 36,
          "posts": [ ]
        },
        {
          "name": "Alicy",
          "age": 36,
          "posts": [ ]
        },
        {
          "name": "Alicy",
          "age": 36,
          "posts": [ ]
        },
        {
          "name": "Alicy",
          "age": 36,
          "posts": [ ]
        },
        {
          "name": "Alicy",
          "age": 36,
          "posts": [ ]
        },
        {
          "name": "Bob",
          "age": 36,
          "posts": [ ]
        },
        {
          "name": "Bob",
          "age": 36,
          "posts": [ ]
        },
        {
          "name": "Bob",
          "age": 36,
          "posts": [ ]
        },
        {
          "name": "Bob",
          "age": 36,
          "posts": [ ]
        },
        {
          "name": "Bob",
          "age": 36,
          "posts": [ ]
        },
        {
          "name": "Bob",
          "age": 36,
          "posts": [ ]
        },
        {
          "name": "Bob",
          "age": 36,
          "posts": [ ]
        },
        {
          "name": "Bob",
          "age": 36,
          "posts": [ ]
        },
        {
          "name": "Bob",
          "age": 36,
          "posts": [ ]
        },
        {
          "name": "Bob",
          "age": 36,
          "posts": [ ]
        },
        {
          "name": "Bob",
          "age": 36,
          "posts": [ ]
        },
        {
          "name": "Bob",
          "age": 36,
          "posts": [ ]
        },
        {
          "name": "Bob",
          "age": 36,
          "posts": [ ]
        },
        {
          "name": "Bob",
          "age": 36,
          "posts": [ ]
        },
        {
          "name": "AAAAABob",
          "age": 36,
          "posts": [ ]
        },
        {
          "name": "AAAAABob",
          "age": 36,
          "posts": [ ]
        },
        {
          "name": "AAAAABob",
          "age": 36,
          "posts": [ ]
        },
        {
          "name": "AAAAABob",
          "age": 36,
          "posts": [ ]
        },
        {
          "name": "AAAAABob",
          "age": 36,
          "posts": [ ]
        },
        {
          "name": "AAAAABob",
          "age": 36,
          "posts": [ ]
        },
        {
          "name": "select * from",
          "age": 36,
          "posts": [ ]
        },
        {
          "name": "Alice",
          "age": 36,
          "posts": [ ]
        },
        {
          "name": "Alice",
          "age": 36,
          "posts": [ ]
        },
        {
          "name": "Alice",
          "age": 36,
          "posts": [ ]
        },
        {
          "name": "Alice",
          "age": 36,
          "posts": [ ]
        },
        {
          "name": "Alice",
          "age": 36,
          "posts": [ ]
        },
        {
          "name": "Alice",
          "age": 36,
          "posts": [ ]
        },
        {
          "name": "Bob",
          "age": 36,
          "posts": [ ]
        },
        {
          "name": "Bob",
          "age": 36,
          "posts": [ ]
        },
        {
          "name": "Alice",
          "age": 36,
          "posts": [ ]
        },
        {
          "name": "Alice",
          "age": 36,
          "posts": [ ]
        },
        {
          "name": "Alice",
          "age": 36,
          "posts": [ ]
        },
        {
          "name": "Alice",
          "age": 36,
          "posts": [ ]
        },
        {
          "name": "Alice",
          "age": 36,
          "posts": [ ]
        },
        {
          "name": "Roky",
          "age": 29,
          "posts": [ ]
        },
        {
          "name": "Roky",
          "age": 29,
          "posts": [ ]
        },
        {
          "name": "Alice",
          "age": 36,
          "posts": [ ]
        },
        {
          "name": "Alice",
          "age": 36,
          "posts": [ ]
        },
        {
          "name": "Bob",
          "age": 36,
          "posts": [ ]
        },
        {
          "name": "Alice",
          "age": 36,
          "posts": [ ]
        },
        {
          "name": "Pino",
          "age": 36,
          "posts": [ ]
        },
        {
          "name": "Bob",
          "age": 36,
          "posts": [ ]
        },
        {
          "name": "Alice",
          "age": 36,
          "posts": [ ]
        },
        {
          "name": "Bob",
          "age": 36,
          "posts": [ ]
        },
        {
          "name": "Bob",
          "age": 36,
          "posts": [ ]
        },
        {
          "name": "Bob",
          "age": 36,
          "posts": [ ]
        },
        {
          "name": "Alice",
          "age": 36,
          "posts": [ ]
        },
        {
          "name": "Alice",
          "age": 36,
          "posts": [ ]
        },
        {
          "name": "Bob",
          "age": 36,
          "posts": [ ]
        },
        {
          "name": "Bob",
          "age": 36,
          "posts": [ ]
        },
        {
          "name": "Luc",
          "age": 50,
          "posts": [ ]
        },
        {
          "name": "Juan",
          "age": 25,
          "posts": [ ]
        },
        {
          "name": "Alice",
          "age": 36,
          "posts": [ ]
        },
        {
          "name": "Bob",
          "age": 36,
          "posts": [ ]
        },
        {
          "name": "Rob",
          "age": 36,
          "posts": [ ]
        },
        {
          "name": "John",
          "age": 36,
          "posts": [ ]
        },
        {
          "name": "Bob",
          "age": 46,
          "posts": [ ]
        },
        {
          "name": "Alice",
          "age": 36,
          "posts": [ ]
        },
        {
          "name": "Bob",
          "age": 36,
          "posts": [ ]
        },
        {
          "name": "Alice",
          "age": 36,
          "posts": [ ]
        },
        {
          "name": "Bob",
          "age": 36,
          "posts": [ ]
        },
        {
          "name": "Fred",
          "age": 36,
          "posts": [ ]
        },
        {
          "name": "Alice",
          "age": 36,
          "posts": [ ]
        },
        {
          "name": "Bob",
          "age": 36,
          "posts": [ ]
        },
        {
          "name": "Bob",
          "age": 36,
          "posts": [ ]
        },
        {
          "name": "Bob",
          "age": 36,
          "posts": [ ]
        },
        {
          "name": "Alice",
          "age": 36,
          "posts": [ ]
        },
        {
          "name": "Bob",
          "age": 36,
          "posts": [ ]
        },
        {
          "name": "Bob",
          "age": 36,
          "posts": [ ]
        },
        {
          "name": "Bob",
          "age": 36,
          "posts": [ ]
        },
        {
          "name": "Bob",
          "age": 36,
          "posts": [ ]
        },
        {
          "name": "Bob",
          "age": 36,
          "posts": [ ]
        },
        {
          "name": "Bob",
          "age": 36,
          "posts": [ ]
        },
        {
          "name": "mahesh",
          "age": 36,
          "posts": [ ]
        },
        {
          "name": "Alice",
          "age": 36,
          "posts": [ ]
        },
        {
          "name": "Bob",
          "age": 36,
          "posts": [ ]
        },
        {
          "name": "Alice",
          "age": 36,
          "posts": [ ]
        },
        {
          "name": "Bob",
          "age": 36,
          "posts": [ ]
        },
        {
          "name": "Bob",
          "age": 36,
          "posts": [ ]
        },
        {
          "name": "Bob",
          "age": 36,
          "posts": [ ]
        },
        {
          "name": "Bob",
          "age": 36,
          "posts": [ ]
        },
        {
          "name": "Bob",
          "age": 36,
          "posts": [ ]
        },
        {
          "name": "Alice",
          "age": 36,
          "posts": [ ]
        },
        {
          "name": "Bob",
          "age": 36,
          "posts": [ ]
        },
        {
          "name": "Alice",
          "age": 36,
          "posts": [ ]
        },
        {
          "name": "Bob",
          "age": 36,
          "posts": [ ]
        },
        {
          "name": "Alice",
          "age": 36,
          "posts": [ ]
        },
        {
          "name": "Bob",
          "age": 36,
          "posts": [ ]
        },
        {
          "name": "Alice",
          "age": 36,
          "posts": [ ]
        },
        {
          "name": "Alice",
          "age": 36,
          "posts": [ ]
        },
        {
          "name": "Bob",
          "age": 36,
          "posts": [ ]
        },
        {
          "name": "Bob",
          "age": 32,
          "posts": [ ]
        },
        {
          "name": "Bob",
          "age": 32,
          "posts": [ ]
        },
        {
          "name": "Alice",
          "age": 36,
          "posts": [ ]
        },
        {
          "name": "Alice",
          "age": 36,
          "posts": [ ]
        },
        {
          "name": "Alice",
          "age": 36,
          "posts": [ ]
        },
        {
          "name": "Alice",
          "age": 36,
          "posts": [ ]
        },
        {
          "name": "Alice",
          "age": 36,
          "posts": [ ]
        },
        {
          "name": "Bob",
          "age": 36,
          "posts": [ ]
        },
        {
          "name": "Bob",
          "age": 36,
          "posts": [ ]
        },
        {
          "name": "Bob",
          "age": 36,
          "posts": [ ]
        },
        {
          "name": "Bob",
          "age": 36,
          "posts": [ ]
        },
        {
          "name": "Alice",
          "age": 36,
          "posts": [ ]
        },
        {
          "name": "Bob",
          "age": 36,
          "posts": [ ]
        },
        {
          "name": "Bob",
          "age": 36,
          "posts": [ ]
        },
        {
          "name": "Bob",
          "age": 36,
          "posts": [ ]
        },
        {
          "name": "Bob",
          "age": 36,
          "posts": [ ]
        },
        {
          "name": "Bob",
          "age": 36,
          "posts": [ ]
        },
        {
          "name": "Alice",
          "age": 36,
          "posts": [ ]
        },
        {
          "name": "Alice",
          "age": 36,
          "posts": [ ]
        },
        {
          "name": "Alice",
          "age": 36,
          "posts": [ ]
        },
        {
          "name": "Alice",
          "age": 36,
          "posts": [ ]
        },
        {
          "name": "Bob",
          "age": 36,
          "posts": [ ]
        },
        {
          "name": "Alice",
          "age": 36,
          "posts": [ ]
        },
        {
          "name": "Bob",
          "age": 36,
          "posts": [ ]
        },
        {
          "name": "Alice",
          "age": 36,
          "posts": [ ]
        },
        {
          "name": "Bob",
          "age": 36,
          "posts": [ ]
        },
        {
          "name": "Alice",
          "age": 36,
          "posts": [ ]
        },
        {
          "name": "Bob",
          "age": 36,
          "posts": [ ]
        },
        {
          "name": "Bob",
          "age": 36,
          "posts": [ ]
        },
        {
          "name": "Alice",
          "age": 36,
          "posts": [ ]
        },
        {
          "name": "Bob",
          "age": 36,
          "posts": [ ]
        },
        {
          "name": "Alice",
          "age": 36,
          "posts": [ ]
        },
        {
          "name": "Bob",
          "age": 36,
          "posts": [ ]
        },
        {
          "name": "Bob",
          "age": 36,
          "posts": [ ]
        },
        {
          "name": "Alice",
          "age": 36,
          "posts": [ ]
        },
        {
          "name": "Bob",
          "age": 36,
          "posts": [ ]
        },
        {
          "name": "Bob",
          "age": 36,
          "posts": [ ]
        },
        {
          "name": "Bob",
          "age": 36,
          "posts": [ ]
        },
        {
          "name": "Bob",
          "age": 36,
          "posts": [ ]
        },
        {
          "name": "Alice",
          "age": 36,
          "posts": [ ]
        },
        {
          "name": "Bob",
          "age": 36,
          "posts": [ ]
        },
        {
          "name": "Alice",
          "age": 36,
          "posts": [ ]
        },
        {
          "name": "Bob",
          "age": 36,
          "posts": [ ]
        },
        {
          "name": "Bob",
          "age": 36,
          "posts": [ ]
        },
        {
          "name": "Bob",
          "age": 36,
          "posts": [ ]
        },
        {
          "name": "Bob",
          "age": 36,
          "posts": [ ]
        },
        {
          "name": "Alice",
          "age": 36,
          "posts": [ ]
        },
        {
          "name": "Alice",
          "age": 36,
          "posts": [ ]
        },
        {
          "name": "Alice",
          "age": 36,
          "posts": [ ]
        },
        {
          "name": "Alice",
          "age": 36,
          "posts": [ ]
        },
        {
          "name": "Alice",
          "age": 36,
          "posts": [ ]
        },
        {
          "name": "Bob",
          "age": 36,
          "posts": [ ]
        },
        {
          "name": "Guigui",
          "age": 42,
          "posts": [ ]
        },
        {
          "name": "Alice",
          "age": 36,
          "posts": [ ]
        },
        {
          "name": "Guigui",
          "age": 42,
          "posts": [ ]
        },
        {
          "name": "Guigui",
          "age": 42,
          "posts": [ ]
        },
        {
          "name": "Guigui",
          "age": 42,
          "posts": [ ]
        },
        {
          "name": "Bob",
          "age": 36,
          "posts": [ ]
        },
        {
          "name": "Alice",
          "age": 36,
          "posts": [ ]
        },
        {
          "name": "Alice",
          "age": 36,
          "posts": [ ]
        },
        {
          "name": "Bob",
          "age": 36,
          "posts": [ ]
        },
        {
          "name": "Bob",
          "age": 36,
          "posts": [ ]
        },
        {
          "name": "Bob",
          "age": 36,
          "posts": [ ]
        },
        {
          "name": "Bob",
          "age": 36,
          "posts": [ ]
        },
        {
          "name": "Bob",
          "age": 36,
          "posts": [ ]
        },
        {
          "name": "Alice",
          "age": 36,
          "posts": [ ]
        },
        {
          "name": "Bob",
          "age": 36,
          "posts": [ ]
        },
        {
          "name": "Baby",
          "age": 0,
          "posts": [ ]
        },
        {
          "name": "Alice",
          "age": 36,
          "posts": [ ]
        },
        {
          "name": "Bob",
          "age": 36,
          "posts": [ ]
        },
        {
          "name": "Alice",
          "age": 36,
          "posts": [ ]
        },
        {
          "name": "Bob",
          "age": 36,
          "posts": [ ]
        },
        {
          "name": "Alice",
          "age": 36,
          "posts": [ ]
        },
        {
          "name": "Bob",
          "age": 36,
          "posts": [ ]
        },
        {
          "name": "Bob",
          "age": 36,
          "posts": [ ]
        },
        {
          "name": "Alice",
          "age": 36,
          "posts": [ ]
        },
        {
          "name": "Bob",
          "age": 36,
          "posts": [ ]
        },
        {
          "name": "Bob",
          "age": 36,
          "posts": [ ]
        },
        {
          "name": "Alice",
          "age": 36,
          "posts": [ ]
        },
        {
          "name": "Bob",
          "age": 36,
          "posts": [ ]
        },
        {
          "name": "Bob",
          "age": 36,
          "posts": [ ]
        },
        {
          "name": "Bob",
          "age": 36,
          "posts": [ ]
        },
        {
          "name": "Bob",
          "age": 36,
          "posts": [ ]
        },
        {
          "name": "Alice",
          "age": 36,
          "posts": [ ]
        },
        {
          "name": "Bob",
          "age": 36,
          "posts": [ ]
        },
        {
          "name": "Alice",
          "age": 36,
          "posts": [ ]
        },
        {
          "name": "Bob",
          "age": 36,
          "posts": [ ]
        },
        {
          "name": "Alice",
          "age": 36,
          "posts": [ ]
        },
        {
          "name": "Bob",
          "age": 36,
          "posts": [ ]
        },
        {
          "name": "Alice",
          "age": 36,
          "posts": [ ]
        },
        {
          "name": "Bob",
          "age": 36,
          "posts": [ ]
        },
        {
          "name": "Bob",
          "age": 37,
          "posts": [ ]
        },
        {
          "name": "Bob",
          "age": 37,
          "posts": [ ]
        },
        {
          "name": "Bob",
          "age": 37,
          "posts": [ ]
        },
        {
          "name": "Alice",
          "age": 36,
          "posts": [ ]
        },
        {
          "name": "Bob",
          "age": 36,
          "posts": [ ]
        },
        {
          "name": "Bob",
          "age": 36,
          "posts": [ ]
        },
        {
          "name": "Bob",
          "age": 36,
          "posts": [ ]
        },
        {
          "name": "Alice",
          "age": 36,
          "posts": [ ]
        },
        {
          "name": "Bob",
          "age": 36,
          "posts": [ ]
        },
        {
          "name": "Alice",
          "age": 36,
          "posts": [ ]
        },
        {
          "name": "Bob",
          "age": 36,
          "posts": [ ]
        },
        {
          "name": "Alice",
          "age": 36,
          "posts": [ ]
        },
        {
          "name": "Bob",
          "age": 36,
          "posts": [ ]
        },
        {
          "name": "Alice",
          "age": 36,
          "posts": [ ]
        },
        {
          "name": "Bob",
          "age": 36,
          "posts": [ ]
        },
        {
          "name": "Alice",
          "age": 36,
          "posts": [ ]
        },
        {
          "name": "Bob",
          "age": 36,
          "posts": [ ]
        },
        {
          "name": "Alice",
          "age": 36,
          "posts": [ ]
        },
        {
          "name": "Bob",
          "age": 36,
          "posts": [ ]
        },
        {
          "name": "Alice",
          "age": 36,
          "posts": [ ]
        },
        {
          "name": "Bob",
          "age": 36,
          "posts": [ ]
        },
        {
          "name": "Bob",
          "age": 36,
          "posts": [ ]
        },
        {
          "name": "Bob",
          "age": 36,
          "posts": [ ]
        },
        {
          "name": "Bob",
          "age": 36,
          "posts": [ ]
        },
        {
          "name": "Bob",
          "age": 36,
          "posts": [ ]
        },
        {
          "name": "Alice",
          "age": 36,
          "posts": [ ]
        },
        {
          "name": "Alice",
          "age": 36,
          "posts": [ ]
        },
        {
          "name": "Alice",
          "age": 36,
          "posts": [ ]
        },
        {
          "name": "Alice",
          "age": 36,
          "posts": [ ]
        },
        {
          "name": "Bob",
          "age": 36,
          "posts": [ ]
        },
        {
          "name": "Alice",
          "age": 36,
          "posts": [ ]
        },
        {
          "name": "Alice",
          "age": 36,
          "posts": [ ]
        },
        {
          "name": "Bob",
          "age": 36,
          "posts": [ ]
        },
        {
          "name": "Bob",
          "age": 36,
          "posts": [ ]
        },
        {
          "name": "Alice",
          "age": 36,
          "posts": [ ]
        },
        {
          "name": "Bob",
          "age": 36,
          "posts": [ ]
        },
        {
          "name": "Bob",
          "age": 36,
          "posts": [ ]
        },
        {
          "name": "Bob",
          "age": 36,
          "posts": [ ]
        },
        {
          "name": "Bob",
          "age": 36,
          "posts": [ ]
        },
        {
          "name": "Bob",
          "age": 36,
          "posts": [ ]
        },
        {
          "name": "Alice",
          "age": 36,
          "posts": [ ]
        },
        {
          "name": "Bob",
          "age": 36,
          "posts": [ ]
        },
        {
          "name": "Alice",
          "age": 36,
          "posts": [ ]
        },
        {
          "name": "Alice",
          "age": 36,
          "posts": [ ]
        },
        {
          "name": "Bob",
          "age": 36,
          "posts": [ ]
        },
        {
          "name": "Bob",
          "age": 36,
          "posts": [ ]
        },
        {
          "name": "Alice",
          "age": 36,
          "posts": [ ]
        },
        {
          "name": "Alice",
          "age": 36,
          "posts": [ ]
        },
        {
          "name": "Alice",
          "age": 36,
          "posts": [ ]
        },
        {
          "name": "Bob",
          "age": 36,
          "posts": [ ]
        },
        {
          "name": "P",
          "age": 23,
          "posts": [ ]
        },
        {
          "name": "Alice",
          "age": 36,
          "posts": [ ]
        },
        {
          "name": "Alice",
          "age": 36,
          "posts": [ ]
        },
        {
          "name": "Bob",
          "age": 36,
          "posts": [ ]
        },
        {
          "name": "Alice",
          "age": 36,
          "posts": [ ]
        },
        {
          "name": "Bob",
          "age": 36,
          "posts": [ ]
        },
        {
          "name": "Alice",
          "age": 36,
          "posts": [ ]
        },
        {
          "name": "Bob",
          "age": 36,
          "posts": [ ]
        },
        {
          "name": "Alice",
          "age": 36,
          "posts": [ ]
        },
        {
          "name": "Alice",
          "age": 36,
          "posts": [ ]
        },
        {
          "name": "Bob",
          "age": 36,
          "posts": [ ]
        },
        {
          "name": "toto",
          "age": 63,
          "posts": [ ]
        },
        {
          "name": "Alice",
          "age": 36,
          "posts": [ ]
        },
        {
          "name": "Bob",
          "age": 36,
          "posts": [ ]
        },
        {
          "name": "Bob",
          "age": 36,
          "posts": [ ]
        },
        {
          "name": "Bob",
          "age": 36,
          "posts": [ ]
        },
        {
          "name": "Bobbbi",
          "age": 36,
          "posts": [ ]
        },
        {
          "name": "Bobbbi",
          "age": 36,
          "posts": [ ]
        },
        {
          "name": "Bobbbi",
          "age": 36,
          "posts": [ ]
        },
        {
          "name": "Bob",
          "age": 36,
          "posts": [ ]
        },
        {
          "name": "Alice",
          "age": 36,
          "posts": [ ]
        },
        {
          "name": "Bob",
          "age": 36,
          "posts": [ ]
        },
        {
          "name": "Bob",
          "age": 37,
          "posts": [ ]
        },
        {
          "name": "Bob",
          "age": 37,
          "posts": [ ]
        },
        {
          "name": "Bob",
          "age": 36,
          "posts": [ ]
        },
        {
          "name": "Alice",
          "age": 36,
          "posts": [ ]
        },
        {
          "name": "Bob",
          "age": 36,
          "posts": [ ]
        },
        {
          "name": "Alice",
          "age": 36,
          "posts": [ ]
        },
        {
          "name": "Bob",
          "age": 33,
          "posts": [ ]
        },
        {
          "name": "Bob",
          "age": 33,
          "posts": [ ]
        },
        {
          "name": "Bob",
          "age": 36,
          "posts": [ ]
        },
        {
          "name": "Bob",
          "age": 29,
          "posts": [ ]
        },
        {
          "name": "Alice",
          "age": 36,
          "posts": [ ]
        },
        {
          "name": "Bob",
          "age": 36,
          "posts": [ ]
        },
        {
          "name": "Bob",
          "age": 36,
          "posts": [ ]
        },
        {
          "name": "Bob",
          "age": 36,
          "posts": [ ]
        },
        {
          "name": "Alice",
          "age": 36,
          "posts": [ ]
        },
        {
          "name": "Jobs",
          "age": 86,
          "posts": [ ]
        },
        {
          "name": "Jobs",
          "age": 86,
          "posts": [ ]
        },
        {
          "name": "Jobs",
          "age": 86,
          "posts": [ ]
        },
        {
          "name": "Jobs",
          "age": 86,
          "posts": [ ]
        },
        {
          "name": "Alice",
          "age": 36,
          "posts": [ ]
        },
        {
          "name": "Alice",
          "age": 36,
          "posts": [ ]
        },
        {
          "name": "Bob",
          "age": 36,
          "posts": [ ]
        },
        {
          "name": "Alice",
          "age": 36,
          "posts": [ ]
        },
        {
          "name": "Bob",
          "age": 36,
          "posts": [ ]
        },
        {
          "name": "Alice",
          "age": 36,
          "posts": [ ]
        },
        {
          "name": "Alice",
          "age": 36,
          "posts": [ ]
        },
        {
          "name": "Alice",
          "age": 36,
          "posts": [ ]
        },
        {
          "name": "Alice",
          "age": 36,
          "posts": [ ]
        },
        {
          "name": "Alice",
          "age": 36,
          "posts": [ ]
        },
        {
          "name": "Alice",
          "age": 36,
          "posts": [ ]
        },
        {
          "name": "Bob",
          "age": 36,
          "posts": [ ]
        },
        {
          "name": "Bob",
          "age": 36,
          "posts": [ ]
        },
        {
          "name": "Snoob",
          "age": 36,
          "posts": [ ]
        },
        {
          "name": "Alice",
          "age": 36,
          "posts": [ ]
        },
        {
          "name": "Alice",
          "age": 36,
          "posts": [ ]
        },
        {
          "name": "Alice",
          "age": 36,
          "posts": [ ]
        },
        {
          "name": "Alice",
          "age": 36,
          "posts": [ ]
        },
        {
          "name": "Bob",
          "age": 36,
          "posts": [ ]
        },
        {
          "name": "Alice",
          "age": 36,
          "posts": [ ]
        },
        {
          "name": "Alice",
          "age": 36,
          "posts": [ ]
        },
        {
          "name": "Bob",
          "age": 36,
          "posts": [ ]
        },
        {
          "name": "Mohit",
          "age": 12,
          "posts": [ ]
        },
        {
          "name": "Alice",
          "age": 36,
          "posts": [ ]
        },
        {
          "name": "Alice",
          "age": 36,
          "posts": [ ]
        },
        {
          "name": "Bob",
          "age": 36,
          "posts": [ ]
        },
        {
          "name": "Alice",
          "age": 36,
          "posts": [ ]
        },
        {
          "name": "Bob",
          "age": 36,
          "posts": [ ]
        },
        {
          "name": "Alice",
          "age": 36,
          "posts": [ ]
        },
        {
          "name": "Bob",
          "age": 36,
          "posts": [ ]
        },
        {
          "name": "Alice",
          "age": 36,
          "posts": [ ]
        },
        {
          "name": "S",
          "age": 33,
          "posts": [ ]
        },
        {
          "name": "Bob",
          "age": 36,
          "posts": [ ]
        },
        {
          "name": "Alice",
          "age": 36,
          "posts": [ ]
        },
        {
          "name": "Alice",
          "age": 36,
          "posts": [ ]
        },
        {
          "name": "Bob",
          "age": 36,
          "posts": [ ]
        },
        {
          "name": "Bob",
          "age": 36,
          "posts": [ ]
        },
        {
          "name": "Alice",
          "age": 36,
          "posts": [ ]
        },
        {
          "name": "Alice",
          "age": 36,
          "posts": [ ]
        },
        {
          "name": "Bob",
          "age": 36,
          "posts": [ ]
        },
        {
          "name": "AA",
          "age": 371,
          "posts": [ ]
        },
        {
          "name": "AB",
          "age": 33,
          "posts": [ ]
        },
        {
          "name": "Gino Scoregino",
          "age": 69,
          "posts": [ ]
        },
        {
          "name": "Bob",
          "age": 36,
          "posts": [ ]
        },
        {
          "name": "Alice",
          "age": 36,
          "posts": [ ]
        },
        {
          "name": "Bob",
          "age": 36,
          "posts": [ ]
        },
        {
          "name": "Alice",
          "age": 36,
          "posts": [ ]
        },
        {
          "name": "Bob",
          "age": 36,
          "posts": [ ]
        },
        {
          "name": "Alice",
          "age": 36,
          "posts": [ ]
        },
        {
          "name": "Bob",
          "age": 36,
          "posts": [ ]
        },
        {
          "name": "Bob",
          "age": 36,
          "posts": [ ]
        },
        {
          "name": "Bob",
          "age": 36,
          "posts": [ ]
        },
        {
          "name": "Alice",
          "age": 36,
          "posts": [ ]
        },
        {
          "name": "Alice",
          "age": 36,
          "posts": [ ]
        },
        {
          "name": "Alice",
          "age": 36,
          "posts": [ ]
        },
        {
          "name": "Bob",
          "age": 36,
          "posts": [ ]
        },
        {
          "name": "Alice",
          "age": 36,
          "posts": [ ]
        },
        {
          "name": "Bob",
          "age": 36,
          "posts": [ ]
        },
        {
          "name": "Alice",
          "age": 36,
          "posts": [ ]
        },
        {
          "name": "Bob",
          "age": 36,
          "posts": [ ]
        },
        {
          "name": "Alice",
          "age": 36,
          "posts": [ ]
        },
        {
          "name": "Bob",
          "age": 36,
          "posts": [ ]
        },
        {
          "name": "Bob",
          "age": 36,
          "posts": [ ]
        },
        {
          "name": "Alice",
          "age": 36,
          "posts": [ ]
        },
        {
          "name": "Bob",
          "age": 36,
          "posts": [ ]
        },
        {
          "name": "Alice",
          "age": 36,
          "posts": [ ]
        },
        {
          "name": "Bob",
          "age": 36,
          "posts": [ ]
        },
        {
          "name": "Alice",
          "age": 36,
          "posts": [ ]
        },
        {
          "name": "Bob",
          "age": 36,
          "posts": [ ]
        },
        {
          "name": "Alice",
          "age": 36,
          "posts": [ ]
        },
        {
          "name": "Bob",
          "age": 36,
          "posts": [ ]
        },
        {
          "name": "Alice",
          "age": 36,
          "posts": [ ]
        },
        {
          "name": "Bob",
          "age": 36,
          "posts": [ ]
        },
        {
          "name": "Bob",
          "age": 36,
          "posts": [ ]
        },
        {
          "name": "Alice",
          "age": 36,
          "posts": [ ]
        },
        {
          "name": "Alice",
          "age": 36,
          "posts": [ ]
        },
        {
          "name": "SiemaKuba",
          "age": 38,
          "posts": [ ]
        },
        {
          "name": "Alice",
          "age": 36,
          "posts": [ ]
        },
        {
          "name": "Bob",
          "age": 36,
          "posts": [ ]
        },
        {
          "name": "Bob",
          "age": 36,
          "posts": [ ]
        },
        {
          "name": "Bob",
          "age": 36,
          "posts": [ ]
        },
        {
          "name": "Pedro",
          "age": 26,
          "posts": [ ]
        },
        {
          "name": "Alice",
          "age": 36,
          "posts": [ ]
        },
        {
          "name": "Bob",
          "age": 36,
          "posts": [ ]
        },
        {
          "name": "Alice",
          "age": 36,
          "posts": [ ]
        },
        {
          "name": "Bob",
          "age": 36,
          "posts": [ ]
        },
        {
          "name": "Bob",
          "age": 36,
          "posts": [ ]
        },
        {
          "name": "Alice",
          "age": 36,
          "posts": [ ]
        },
        {
          "name": "Bob",
          "age": 36,
          "posts": [ ]
        },
        {
          "name": "Alice",
          "age": 36,
          "posts": [ ]
        },
        {
          "name": "Bob",
          "age": 36,
          "posts": [ ]
        },
        {
          "name": "Bob",
          "age": 36,
          "posts": [ ]
        },
        {
          "name": "Bob",
          "age": 36,
          "posts": [ ]
        },
        {
          "name": "Alice",
          "age": 36,
          "posts": [ ]
        },
        {
          "name": "Alice",
          "age": 36,
          "posts": [ ]
        },
        {
          "name": "Bob",
          "age": 36,
          "posts": [ ]
        },
        {
          "name": "Alice",
          "age": 36,
          "posts": [ ]
        },
        {
          "name": "Bob",
          "age": 36,
          "posts": [ ]
        },
        {
          "name": "Pavol",
          "age": 35,
          "posts": [ ]
        },
        {
          "name": "Bob",
          "age": 36,
          "posts": [ ]
        },
        {
          "name": "Alice",
          "age": 36,
          "posts": [ ]
        },
        {
          "name": "Alice",
          "age": 36,
          "posts": [ ]
        },
        {
          "name": "Alice",
          "age": 36,
          "posts": [ ]
        },
        {
          "name": "Alice",
          "age": 36,
          "posts": [ ]
        },
        {
          "name": "Alice",
          "age": 36,
          "posts": [ ]
        },
        {
          "name": "Bob",
          "age": 36,
          "posts": [ ]
        },
        {
          "name": "Johnnie Fujita",
          "age": 36,
          "posts": [ ]
        },
        {
          "name": "Alice",
          "age": 36,
          "posts": [ ]
        },
        {
          "name": "Johnnie Fujita",
          "age": 36,
          "posts": [ ]
        },
        {
          "name": "Alice",
          "age": 36,
          "posts": [ ]
        },
        {
          "name": "Alice",
          "age": 36,
          "posts": [ ]
        },
        {
          "name": "Alice",
          "age": 36,
          "posts": [ ]
        },
        {
          "name": "Alice",
          "age": 36,
          "posts": [ ]
        },
        {
          "name": "Alice",
          "age": 36,
          "posts": [ ]
        },
        {
          "name": "Alice",
          "age": 36,
          "posts": [ ]
        },
        {
          "name": "Alice",
          "age": 36,
          "posts": [ ]
        },
        {
          "name": "Alice",
          "age": 36,
          "posts": [ ]
        },
        {
          "name": "Bob",
          "age": 36,
          "posts": [ ]
        },
        {
          "name": "Alice",
          "age": 36,
          "posts": [ ]
        },
        {
          "name": "Bob",
          "age": 36,
          "posts": [ ]
        },
        {
          "name": "Alice",
          "age": 36,
          "posts": [ ]
        },
        {
          "name": "Carsten",
          "age": 43,
          "posts": [ ]
        },
        {
          "name": "Alice",
          "age": 36,
          "posts": [ ]
        },
        {
          "name": "Bob",
          "age": 36,
          "posts": [ ]
        },
        {
          "name": "Bob",
          "age": 36,
          "posts": [ ]
        },
        {
          "name": "Henry",
          "age": 38,
          "posts": [ ]
        },
        {
          "name": "Alice",
          "age": 36,
          "posts": [ ]
        },
        {
          "name": "Bob",
          "age": 36,
          "posts": [ ]
        },
        {
          "name": "Alice",
          "age": 36,
          "posts": [ ]
        },
        {
          "name": "Alice",
          "age": 36,
          "posts": [ ]
        },
        {
          "name": "Bob",
          "age": 36,
          "posts": [ ]
        },
        {
          "name": "Alice",
          "age": 36,
          "posts": [ ]
        },
        {
          "name": "Billie",
          "age": 36,
          "posts": [ ]
        },
        {
          "name": "Billie",
          "age": 36,
          "posts": [ ]
        },
        {
          "name": "Bob",
          "age": 36,
          "posts": [ ]
        },
        {
          "name": "Alice",
          "age": 36,
          "posts": [ ]
        },
        {
          "name": "Bob",
          "age": 36,
          "posts": [ ]
        },
        {
          "name": "Bob",
          "age": 36,
          "posts": [ ]
        },
        {
          "name": "Bob",
          "age": 36,
          "posts": [ ]
        },
        {
          "name": "Bob",
          "age": 36,
          "posts": [ ]
        },
        {
          "name": "Bob",
          "age": 36,
          "posts": [ ]
        },
        {
          "name": "Alice",
          "age": 36,
          "posts": [ ]
        },
        {
          "name": "Bob",
          "age": 36,
          "posts": [ ]
        },
        {
          "name": "Alice",
          "age": 36,
          "posts": [ ]
        },
        {
          "name": "Bob",
          "age": 36,
          "posts": [ ]
        },
        {
          "name": "Bob",
          "age": 36,
          "posts": [ ]
        },
        {
          "name": "Bob",
          "age": 36,
          "posts": [ ]
        },
        {
          "name": "Alice",
          "age": 36,
          "posts": [ ]
        },
        {
          "name": "Bob",
          "age": 36,
          "posts": [ ]
        },
        {
          "name": "Bob",
          "age": 36,
          "posts": [ ]
        },
        {
          "name": "Bob",
          "age": 36,
          "posts": [ ]
        },
        {
          "name": "Alice",
          "age": 36,
          "posts": [ ]
        },
        {
          "name": "Bob",
          "age": 36,
          "posts": [ ]
        },
        {
          "name": "Alice",
          "age": 36,
          "posts": [ ]
        },
        {
          "name": "Bob",
          "age": 36,
          "posts": [ ]
        },
        {
          "name": "Bob",
          "age": 36,
          "posts": [ ]
        },
        {
          "name": "Bob",
          "age": 36,
          "posts": [ ]
        },
        {
          "name": "Bob",
          "age": 35,
          "posts": [ ]
        },
        {
          "name": "Alice",
          "age": 36,
          "posts": [ ]
        },
        {
          "name": "Bob",
          "age": 36,
          "posts": [ ]
        },
        {
          "name": "Bob",
          "age": 36,
          "posts": [ ]
        },
        {
          "name": "Alice",
          "age": 36,
          "posts": [ ]
        },
        {
          "name": "Bob",
          "age": 36,
          "posts": [ ]
        },
        {
          "name": "Bob",
          "age": 88,
          "posts": [ ]
        },
        {
          "name": "Alice",
          "age": 36,
          "posts": [ ]
        },
        {
          "name": "Bob",
          "age": 36,
          "posts": [ ]
        },
        {
          "name": "Alice",
          "age": 36,
          "posts": [ ]
        },
        {
          "name": "Bob",
          "age": 36,
          "posts": [ ]
        },
        {
          "name": "Alice",
          "age": 36,
          "posts": [ ]
        },
        {
          "name": "Bob",
          "age": 36,
          "posts": [ ]
        },
        {
          "name": "Stella",
          "age": 8,
          "posts": [ ]
        },
        {
          "name": "Alice",
          "age": 36,
          "posts": [ ]
        },
        {
          "name": "Bob",
          "age": 36,
          "posts": [ ]
        },
        {
          "name": "Alice",
          "age": 36,
          "posts": [ ]
        },
        {
          "name": "Bob",
          "age": 36,
          "posts": [ ]
        },
        {
          "name": "Bob",
          "age": 36,
          "posts": [ ]
        },
        {
          "name": "Alice",
          "age": 36,
          "posts": [ ]
        },
        {
          "name": "Bob",
          "age": 36,
          "posts": [ ]
        },
        {
          "name": "Alice",
          "age": 36,
          "posts": [ ]
        },
        {
          "name": "Bob",
          "age": 36,
          "posts": [ ]
        },
        {
          "name": "Bob",
          "age": 36,
          "posts": [ ]
        },
        {
          "name": "Bob",
          "age": 36,
          "posts": [ ]
        },
        {
          "name": "Bob",
          "age": 36,
          "posts": [ ]
        },
        {
          "name": "Bob",
          "age": 36,
          "posts": [ ]
        },
        {
          "name": "Bobd",
          "age": 36,
          "posts": [ ]
        },
        {
          "name": "Bobd",
          "age": 36,
          "posts": [ ]
        },
        {
          "name": "Alice",
          "age": 36,
          "posts": [ ]
        },
        {
          "name": "Bob",
          "age": 36,
          "posts": [ ]
        },
        {
          "name": "Alice",
          "age": 36,
          "posts": [ ]
        },
        {
          "name": "Bob",
          "age": 36,
          "posts": [ ]
        },
        {
          "name": "Alice",
          "age": 36,
          "posts": [ ]
        },
        {
          "name": "Bob",
          "age": 36,
          "posts": [ ]
        },
        {
          "name": "Alice",
          "age": 36,
          "posts": [ ]
        },
        {
          "name": "Bob",
          "age": 36,
          "posts": [ ]
        },
        {
          "name": "Alice",
          "age": 36,
          "posts": [ ]
        },
        {
          "name": "Alice",
          "age": 36,
          "posts": [ ]
        },
        {
          "name": "Alice",
          "age": 36,
          "posts": [ ]
        },
        {
          "name": "Alice",
          "age": 36,
          "posts": [ ]
        },
        {
          "name": "Alice",
          "age": 36,
          "posts": [ ]
        },
        {
          "name": "Bob",
          "age": 36,
          "posts": [ ]
        },
        {
          "name": "Bob",
          "age": 36,
          "posts": [ ]
        },
        {
          "name": "Bob",
          "age": 41,
          "posts": [ ]
        },
        {
          "name": "Bob",
          "age": 41,
          "posts": [ ]
        },
        {
          "name": "Bob",
          "age": 41,
          "posts": [ ]
        },
        {
          "name": "Bob",
          "age": 41,
          "posts": [ ]
        },
        {
          "name": "Bob",
          "age": 41,
          "posts": [ ]
        },
        {
          "name": "Alice",
          "age": 36,
          "posts": [ ]
        },
        {
          "name": "Alice",
          "age": 36,
          "posts": [ ]
        },
        {
          "name": "Alice",
          "age": 36,
          "posts": [ ]
        },
        {
          "name": "Alice",
          "age": 36,
          "posts": [ ]
        },
        {
          "name": "Bob",
          "age": 36,
          "posts": [ ]
        },
        {
          "name": "Freddie",
          "age": 36,
          "posts": [ ]
        },
        {
          "name": "James",
          "age": 36,
          "posts": [ ]
        },
        {
          "name": "Bob",
          "age": 36,
          "posts": [ ]
        },
        {
          "name": "Alice",
          "age": 36,
          "posts": [ ]
        },
        {
          "name": "Bob",
          "age": 36,
          "posts": [ ]
        },
        {
          "name": "Bob",
          "age": 78,
          "posts": [ ]
        },
        {
          "name": "Alice",
          "age": 36,
          "posts": [ ]
        },
        {
          "name": "Alice",
          "age": 36,
          "posts": [ ]
        },
        {
          "name": "Bob",
          "age": 36,
          "posts": [ ]
        },
        {
          "name": "Nepomuseno",
          "age": 36,
          "posts": [ ]
        },
        {
          "name": "Nepomuceno",
          "age": 32,
          "posts": [ ]
        },
        {
          "name": "Nepomuceno",
          "age": 32,
          "posts": [ ]
        },
        {
          "name": "Alice",
          "age": 36,
          "posts": [ ]
        },
        {
          "name": "Alice",
          "age": 36,
          "posts": [ ]
        },
        {
          "name": "Bob",
          "age": 36,
          "posts": [ ]
        },
        {
          "name": "Nepomuceno",
          "age": 31,
          "posts": [ ]
        },
        {
          "name": "Nepomuceno",
          "age": 31,
          "posts": [ ]
        },
        {
          "name": "Nepomuceno",
          "age": 31,
          "posts": [ ]
        },
        {
          "name": "Nepomuceno",
          "age": 31,
          "posts": [ ]
        },
        {
          "name": "Alice",
          "age": 36,
          "posts": [ ]
        },
        {
          "name": "Alice",
          "age": 36,
          "posts": [ ]
        },
        {
          "name": "Telesforo",
          "age": 36,
          "posts": [ ]
        },
        {
          "name": "Bob",
          "age": 36,
          "posts": [ ]
        },
        {
          "name": "Alice",
          "age": 36,
          "posts": [ ]
        },
        {
          "name": "Bob",
          "age": 36,
          "posts": [ ]
        },
        {
          "name": "Bob",
          "age": 36,
          "posts": [ ]
        },
        {
          "name": "Bob",
          "age": 36,
          "posts": [ ]
        },
        {
          "name": "Alice",
          "age": 36,
          "posts": [ ]
        },
        {
          "name": "Bob",
          "age": 36,
          "posts": [ ]
        },
        {
          "name": "Bob",
          "age": 36,
          "posts": [ ]
        },
        {
          "name": "Alice",
          "age": 36,
          "posts": [ ]
        },
        {
          "name": "Bob",
          "age": 36,
          "posts": [ ]
        },
        {
          "name": "Bob",
          "age": 36,
          "posts": [ ]
        },
        {
          "name": "Bob",
          "age": 36,
          "posts": [ ]
        },
        {
          "name": "Alice",
          "age": 36,
          "posts": [ ]
        },
        {
          "name": "Marco",
          "age": 27,
          "posts": [ ]
        },
        {
          "name": "Alice",
          "age": 36,
          "posts": [ ]
        },
        {
          "name": "Alice",
          "age": 36,
          "posts": [ ]
        },
        {
          "name": "Brent",
          "age": 25,
          "posts": [ ]
        },
        {
          "name": "Brent",
          "age": 25,
          "posts": [ ]
        },
        {
          "name": "Brent",
          "age": 25,
          "posts": [ ]
        },
        {
          "name": "Bob",
          "age": 36,
          "posts": [ ]
        },
        {
          "name": "Bob",
          "age": 36,
          "posts": [ ]
        },
        {
          "name": "Bob",
          "age": 36,
          "posts": [ ]
        },
        {
          "name": "Bob",
          "age": 36,
          "posts": [ ]
        },
        {
          "name": "Bob",
          "age": 36,
          "posts": [ ]
        },
        {
          "name": "Bob",
          "age": 37,
          "posts": [ ]
        },
        {
          "name": " ABC",
          "age": 36,
          "posts": [ ]
        },
        {
          "name": "Alice",
          "age": 36,
          "posts": [ ]
        },
        {
          "name": "Bob",
          "age": 36,
          "posts": [ ]
        },
        {
          "name": "Bob",
          "age": 36,
          "posts": [ ]
        },
        {
          "name": "Bob",
          "age": 36,
          "posts": [ ]
        },
        {
          "name": "Bob",
          "age": 36,
          "posts": [ ]
        },
        {
          "name": "Bob",
          "age": 36,
          "posts": [ ]
        },
        {
          "name": "Alice",
          "age": 36,
          "posts": [ ]
        },
        {
          "name": "Bob",
          "age": 36,
          "posts": [ ]
        },
        {
          "name": "Alice",
          "age": 36,
          "posts": [ ]
        },
        {
          "name": "Bob",
          "age": 36,
          "posts": [ ]
        },
        {
          "name": "Alice",
          "age": 36,
          "posts": [ ]
        },
        {
          "name": "Bob",
          "age": 36,
          "posts": [ ]
        },
        {
          "name": "Bob",
          "age": 36,
          "posts": [ ]
        },
        {
          "name": "Bob",
          "age": 36,
          "posts": [ ]
        },
        {
          "name": "Alice",
          "age": 36,
          "posts": [ ]
        },
        {
          "name": "Alice",
          "age": 36,
          "posts": [ ]
        },
        {
          "name": "Alice",
          "age": 36,
          "posts": [ ]
        },
        {
          "name": "Alice",
          "age": 36,
          "posts": [ ]
        },
        {
          "name": "Alice",
          "age": 36,
          "posts": [ ]
        },
        {
          "name": "Alice",
          "age": 36,
          "posts": [ ]
        },
        {
          "name": "Alice",
          "age": 36,
          "posts": [ ]
        },
        {
          "name": "Alice",
          "age": 36,
          "posts": [ ]
        },
        {
          "name": "Alice",
          "age": 36,
          "posts": [ ]
        },
        {
          "name": "Alice",
          "age": 36,
          "posts": [ ]
        },
        {
          "name": "Alice",
          "age": 36,
          "posts": [ ]
        },
        {
          "name": "Alice",
          "age": 36,
          "posts": [ ]
        },
        {
          "name": "Freddy",
          "age": 1,
          "posts": [ ]
        },
        {
          "name": "Bob",
          "age": 36,
          "posts": [ ]
        },
        {
          "name": "Bob",
          "age": 36,
          "posts": [ ]
        },
        {
          "name": "Bob",
          "age": 36,
          "posts": [ ]
        },
        {
          "name": "Alice",
          "age": 36,
          "posts": [ ]
        },
        {
          "name": "Bob",
          "age": 36,
          "posts": [ ]
        },
        {
          "name": "Bob",
          "age": 39,
          "posts": [ ]
        },
        {
          "name": "Bobz",
          "age": 36,
          "posts": [ ]
        },
        {
          "name": "Alice",
          "age": 36,
          "posts": [ ]
        },
        {
          "name": "Bob",
          "age": 36,
          "posts": [ ]
        },
        {
          "name": "Bob",
          "age": 36,
          "posts": [ ]
        },
        {
          "name": "Bob",
          "age": 36,
          "posts": [ ]
        },
        {
          "name": "Bob",
          "age": 36,
          "posts": [ ]
        },
        {
          "name": "Bob",
          "age": 36,
          "posts": [ ]
        },
        {
          "name": "Alice",
          "age": 36,
          "posts": [ ]
        },
        {
          "name": "Bob",
          "age": 36,
          "posts": [ ]
        },
        {
          "name": "Bob",
          "age": 36,
          "posts": [ ]
        },
        {
          "name": "Alice",
          "age": 36,
          "posts": [ ]
        },
        {
          "name": "Alice",
          "age": 36,
          "posts": [ ]
        },
        {
          "name": "Alice",
          "age": 36,
          "posts": [ ]
        },
        {
          "name": "Bob",
          "age": 36,
          "posts": [ ]
        },
        {
          "name": "Alice",
          "age": 36,
          "posts": [ ]
        },
        {
          "name": "Bob",
          "age": 36,
          "posts": [ ]
        },
        {
          "name": "Bob",
          "age": 36,
          "posts": [ ]
        },
        {
          "name": "Alice",
          "age": 36,
          "posts": [ ]
        },
        {
          "name": "Bob",
          "age": 36,
          "posts": [ ]
        },
        {
          "name": "Alice",
          "age": 36,
          "posts": [ ]
        },
        {
          "name": "Peter",
          "age": 16,
          "posts": [ ]
        },
        {
          "name": "Alice",
          "age": 36,
          "posts": [ ]
        },
        {
          "name": "Alice",
          "age": 36,
          "posts": [ ]
        },
        {
          "name": "Bob",
          "age": 36,
          "posts": [ ]
        },
        {
          "name": "Francis",
          "age": 65,
          "posts": [ ]
        },
        {
          "name": "Alice",
          "age": 36,
          "posts": [ ]
        },
        {
          "name": "Francis",
          "age": 60,
          "posts": [ ]
        },
        {
          "name": "Bob",
          "age": 36,
          "posts": [ ]
        },
        {
          "name": "Alice",
          "age": 36,
          "posts": [ ]
        },
        {
          "name": "Bob",
          "age": 36,
          "posts": [ ]
        },
        {
          "name": "Alice",
          "age": 36,
          "posts": [ ]
        },
        {
          "name": "Bob",
          "age": 36,
          "posts": [ ]
        },
        {
          "name": "Bob",
          "age": 36,
          "posts": [ ]
        },
        {
          "name": "Alice",
          "age": 36,
          "posts": [ ]
        },
        {
          "name": "Bob",
          "age": 36,
          "posts": [ ]
        },
        {
          "name": "Bob",
          "age": 36,
          "posts": [ ]
        },
        {
          "name": "Alice",
          "age": 36,
          "posts": [ ]
        },
        {
          "name": "Bob",
          "age": 36,
          "posts": [ ]
        },
        {
          "name": "Alice",
          "age": 36,
          "posts": [ ]
        },
        {
          "name": "Bob",
          "age": 36,
          "posts": [ ]
        },
        {
          "name": "Alice",
          "age": 36,
          "posts": [ ]
        },
        {
          "name": "Bob",
          "age": 36,
          "posts": [ ]
        },
        {
          "name": "Angel",
          "age": 31,
          "posts": [ ]
        },
        {
          "name": "Angel",
          "age": 31,
          "posts": [ ]
        },
        {
          "name": "Angel",
          "age": 31,
          "posts": [ ]
        },
        {
          "name": "Angel",
          "age": 31,
          "posts": [ ]
        },
        {
          "name": "Alice",
          "age": 36,
          "posts": [ ]
        },
        {
          "name": "Alice",
          "age": 36,
          "posts": [ ]
        },
        {
          "name": "Alice",
          "age": 36,
          "posts": [ ]
        },
        {
          "name": "Alice",
          "age": 36,
          "posts": [ ]
        },
        {
          "name": "Bob",
          "age": 36,
          "posts": [ ]
        },
        {
          "name": "Alice",
          "age": 36,
          "posts": [ ]
        },
        {
          "name": "Bob",
          "age": 36,
          "posts": [ ]
        },
        {
          "name": "Alice",
          "age": 36,
          "posts": [ ]
        },
        {
          "name": "Bob",
          "age": 36,
          "posts": [ ]
        },
        {
          "name": "Bob",
          "age": 36,
          "posts": [ ]
        },
        {
          "name": "Alice",
          "age": 36,
          "posts": [ ]
        },
        {
          "name": "Bob",
          "age": 36,
          "posts": [ ]
        },
        {
          "name": "Alice",
          "age": 36,
          "posts": [ ]
        },
        {
          "name": "Bob",
          "age": 36,
          "posts": [ ]
        },
        {
          "name": "Zoye",
          "age": 10,
          "posts": [ ]
        },
        {
          "name": "Alice",
          "age": 36,
          "posts": [ ]
        },
        {
          "name": "Alice",
          "age": 36,
          "posts": [ ]
        },
        {
          "name": "Alice",
          "age": 36,
          "posts": [ ]
        },
        {
          "name": "Alice",
          "age": 36,
          "posts": [ ]
        },
        {
          "name": "Zoye",
          "age": 11,
          "posts": [ ]
        },
        {
          "name": "Zoye",
          "age": 9,
          "posts": [ ]
        },
        {
          "name": "Bob",
          "age": 36,
          "posts": [ ]
        },
        {
          "name": "Bob",
          "age": 36,
          "posts": [ ]
        },
        {
          "name": "Bob",
          "age": 36,
          "posts": [ ]
        },
        {
          "name": "Bob",
          "age": 36,
          "posts": [ ]
        },
        {
          "name": "Alice",
          "age": 36,
          "posts": [ ]
        },
        {
          "name": "Alice",
          "age": 36,
          "posts": [ ]
        },
        {
          "name": "Alice",
          "age": 36,
          "posts": [ ]
        },
        {
          "name": "Bob",
          "age": 36,
          "posts": [ ]
        },
        {
          "name": "Bob",
          "age": 36,
          "posts": [ ]
        },
        {
          "name": "Bob",
          "age": 36,
          "posts": [ ]
        },
        {
          "name": "Bob",
          "age": 36,
          "posts": [ ]
        },
        {
          "name": "Bob",
          "age": 36,
          "posts": [ ]
        },
        {
          "name": "Bob",
          "age": 36,
          "posts": [ ]
        },
        {
          "name": "Bob",
          "age": 36,
          "posts": [ ]
        },
        {
          "name": "Alice",
          "age": 36,
          "posts": [ ]
        },
        {
          "name": "Alice",
          "age": 36,
          "posts": [ ]
        },
        {
          "name": "Alice",
          "age": 36,
          "posts": [ ]
        },
        {
          "name": "Alice",
          "age": 36,
          "posts": [ ]
        },
        {
          "name": "Alice",
          "age": 36,
          "posts": [ ]
        },
        {
          "name": "Alice",
          "age": 36,
          "posts": [ ]
        },
        {
          "name": "Bob",
          "age": 36,
          "posts": [ ]
        },
        {
          "name": "Bob",
          "age": 36,
          "posts": [ ]
        },
        {
          "name": "Bob",
          "age": 36,
          "posts": [ ]
        },
        {
          "name": "Alice",
          "age": 36,
          "posts": [ ]
        },
        {
          "name": "Alice",
          "age": 36,
          "posts": [ ]
        },
        {
          "name": "Bob",
          "age": 36,
          "posts": [ ]
        },
        {
          "name": "Alice",
          "age": 36,
          "posts": [ ]
        },
        {
          "name": "Bob",
          "age": 36,
          "posts": [ ]
        },
        {
          "name": "Bob",
          "age": 36,
          "posts": [ ]
        },
        {
          "name": "Alice",
          "age": 36,
          "posts": [ ]
        },
        {
          "name": "Bob",
          "age": 36,
          "posts": [ ]
        },
        {
          "name": "Bob",
          "age": 36,
          "posts": [ ]
        },
        {
          "name": "Bob",
          "age": 36,
          "posts": [ ]
        },
        {
          "name": "Alice",
          "age": 36,
          "posts": [ ]
        },
        {
          "name": "Bob",
          "age": 36,
          "posts": [ ]
        },
        {
          "name": "Alice",
          "age": 36,
          "posts": [ ]
        },
        {
          "name": "Bob",
          "age": 36,
          "posts": [ ]
        },
        {
          "name": "Alice",
          "age": 36,
          "posts": [ ]
        },
        {
          "name": "Bob",
          "age": 36,
          "posts": [ ]
        },
        {
          "name": "Bob",
          "age": 36,
          "posts": [ ]
        },
        {
          "name": "Alice",
          "age": 36,
          "posts": [ ]
        },
        {
          "name": "Bob",
          "age": 36,
          "posts": [ ]
        },
        {
          "name": "Alice",
          "age": 36,
          "posts": [ ]
        },
        {
          "name": "Alice",
          "age": 36,
          "posts": [ ]
        },
        {
          "name": "Bob",
          "age": 36,
          "posts": [ ]
        },
        {
          "name": "Bob",
          "age": 36,
          "posts": [ ]
        },
        {
          "name": "Alice",
          "age": 36,
          "posts": [ ]
        },
        {
          "name": "Bob",
          "age": 36,
          "posts": [ ]
        },
        {
          "name": "Fart",
          "age": 69,
          "posts": [ ]
        },
        {
          "name": "Fart",
          "age": 100000,
          "posts": [ ]
        },
        {
          "name": "poop butt",
          "age": 100000,
          "posts": [ ]
        }
      ]
    }
  }
]